// Jest Snapshot v1, https://goo.gl/fbAQLP

exports[`SignIn component should render SignIn component with props 1`] = `
<ContextProvider
  value={
    Object {
      "store": Object {
        "@@observable": [Function],
        "dispatch": [Function],
        "getState": [Function],
        "replaceReducer": [Function],
        "subscribe": [Function],
      },
      "subscription": Subscription {
        "handleChangeWrapper": [Function],
        "listeners": Object {
          "notify": [Function],
        },
        "onStateChange": [Function],
        "parentSub": undefined,
        "store": Object {
          "@@observable": [Function],
          "dispatch": [Function],
          "getState": [Function],
          "replaceReducer": [Function],
          "subscribe": [Function],
        },
        "unsubscribe": null,
      },
    }
  }
>
  <SignIn
    buttonName="Sign In"
    inputTypes={
      Object {
        "email": "",
        "password": "",
      }
    }
    link={
      Object {
        "linkName": "Forgot the password",
        "linkUrl": "/forgotPassword",
      }
    }
    title="Welcome back"
  />
</ContextProvider>
`;
